---
source: crates/dbt-antlr-codegen/src/grammar/transform/passes/inline_trivial.rs
expression: "(shape(&grammar.units[0]), candidate_lines(&report))"
---
(
    [
        "start : {A,B} ID EOF",
    ],
    [
        "Applied kw [start#1]: inlined token-set rule kw (2 members) into 1 call site",
    ],
)
