---
source: crates/dbt-antlr/src/grammar/semantics.rs
assertion_line: 3474
expression: "(&grammar.recognizer.vocabulary.by_name, commands)"
---
(
    {
        "A": 2,
        "B": 3,
        "C": 4,
        "D": 5,
        "E": 6,
        "EOF": -1,
        "F": 7,
        "G": 8,
        "H": 9,
        "REMAPPED": 1,
    },
    [
        Skip,
        More,
        PopMode,
        Mode(
            0,
        ),
        PushMode(
            1,
        ),
        Type(
            1,
        ),
        Channel(
            2,
        ),
    ],
)
